// Jest Snapshot v1, https://goo.gl/fbAQLP

exports[`Articles component match the snapshot 1`] = `ShallowWrapper {}`;
