// Jest Snapshot v1, https://goo.gl/fbAQLP

exports[`ArticleAuthor component match the snapshot 1`] = `ShallowWrapper {}`;
