// Jest Snapshot v1, https://goo.gl/fbAQLP

exports[`ArticleTag component match the snapshot 1`] = `ShallowWrapper {}`;
