// Jest Snapshot v1, https://goo.gl/fbAQLP

exports[`ArticleItem component match the snapshot 1`] = `ShallowWrapper {}`;
