// Jest Snapshot v1, https://goo.gl/fbAQLP

exports[`ArticleSubtitle component match the snapshot 1`] = `ShallowWrapper {}`;
