// Jest Snapshot v1, https://goo.gl/fbAQLP

exports[`ArticleImage component match the snapshot 1`] = `ReactWrapper {}`;
